// Jest Snapshot v1, https://goo.gl/fbAQLP

exports[`Venues component displays a list of venues 1`] = `
<div
  className="venues"
>
  <ul
    className="venues__list"
  >
    <div
      className="venue card"
    >
      <div
        className="card-body"
      >
        <h5
          className="card-title"
        >
          Hot Shot
        </h5>
        <h6
          className="card-subtitle mb-2 text-muted venue__tags"
        >
          <span
            className="badge badge-secondary venue__tag"
          >
            Cafe
          </span>
          <span
            className="badge badge-secondary venue__tag"
          >
            Bar
          </span>
        </h6>
        <div
          className="address card-text"
        >
          <div>
            123 Somewhere
          </div>
          <div>
            Gotham, NY 12345
          </div>
          <div />
        </div>
      </div>
    </div>
    <div
      className="venue card"
    >
      <div
        className="card-body"
      >
        <h5
          className="card-title"
        >
          Drunken Seagull
        </h5>
        <h6
          className="card-subtitle mb-2 text-muted venue__tags"
        >
          <span
            className="badge badge-secondary venue__tag"
          >
            Bar
          </span>
        </h6>
        <div
          className="address card-text"
        >
          <div>
            348 Fall
          </div>
          <div>
            Gotham, NY 12345
          </div>
          <div />
        </div>
      </div>
    </div>
    <div
      className="venue card"
    >
      <div
        className="card-body"
      >
        <h5
          className="card-title"
        >
          Wandering Bull
        </h5>
        <h6
          className="card-subtitle mb-2 text-muted venue__tags"
        >
          <span
            className="badge badge-secondary venue__tag"
          >
            Restaurant
          </span>
          <span
            className="badge badge-secondary venue__tag"
          >
            Bar
          </span>
        </h6>
        <div
          className="address card-text"
        >
          <div>
            A st.
          </div>
          <div>
            Gotham, NY 12345
          </div>
          <div />
        </div>
      </div>
    </div>
  </ul>
</div>
`;
